// Jest Snapshot v1, https://goo.gl/fbAQLP

exports[`processors > configs > removeConfig should remove configs from exist JSON file 1`] = `
Object {
  "env": Object {
    "node": false,
  },
  "extends": "standard",
  "globals": Object {
    "baz": true,
  },
  "rules": Object {
    "max-len": Array [
      "warn",
      80,
      2,
    ],
    "sort-imports": 0,
  },
}
`;

exports[`processors > configs > removeConfig should remove configs from exist YAML file 1`] = `
"env:
  node: false
extends: standard
globals:
  baz: true
rules:
  max-len:
    - warn
    - 80
    - 2
  sort-imports: 0
"
`;
